Flow report for vga_demo
Mon Nov 24 13:43:39 2025
Quartus Prime Version 18.0.0 Build 614 04/24/2018 SJ Standard Edition


---------------------
; Table of Contents ;
---------------------
  1. Legal Notice
  2. Flow Summary
  3. Flow Settings
  4. Flow Non-Default Global Settings
  5. Flow Elapsed Time
  6. Flow OS Summary
  7. Flow Log
  8. Flow Messages
  9. Flow Suppressed Messages



----------------
; Legal Notice ;
----------------
Copyright (C) 2018  Intel Corporation. All rights reserved.
Your use of Intel Corporation's design tools, logic functions 
and other software and tools, and its AMPP partner logic 
functions, and any output files from any of the foregoing 
(including device programming or simulation files), and any 
associated documentation or information are expressly subject 
to the terms and conditions of the Intel Program License 
Subscription Agreement, the Intel Quartus Prime License Agreement,
the Intel FPGA IP License Agreement, or other applicable license
agreement, including, without limitation, that your use is for
the sole purpose of programming logic devices manufactured by
Intel and sold by Intel or its authorized distributors.  Please
refer to the applicable agreement for further details.



+-----------------------------------------------------------------------------------+
; Flow Summary                                                                      ;
+---------------------------------+-------------------------------------------------+
; Flow Status                     ; Successful - Mon Nov 24 13:41:43 2025           ;
; Quartus Prime Version           ; 18.0.0 Build 614 04/24/2018 SJ Standard Edition ;
; Revision Name                   ; vga_demo                                        ;
; Top-level Entity Name           ; vga_demo                                        ;
; Family                          ; Cyclone V                                       ;
; Device                          ; 5CSEMA5F31C6                                    ;
; Timing Models                   ; Final                                           ;
; Logic utilization (in ALMs)     ; 116 / 32,070 ( < 1 % )                          ;
; Total registers                 ; 86                                              ;
; Total pins                      ; 54 / 457 ( 12 % )                               ;
; Total virtual pins              ; 0                                               ;
; Total block memory bits         ; 1,352,448 / 4,065,280 ( 33 % )                  ;
; Total DSP Blocks                ; 0 / 87 ( 0 % )                                  ;
; Total HSSI RX PCSs              ; 0                                               ;
; Total HSSI PMA RX Deserializers ; 0                                               ;
; Total HSSI TX PCSs              ; 0                                               ;
; Total HSSI PMA TX Serializers   ; 0                                               ;
; Total PLLs                      ; 1 / 6 ( 17 % )                                  ;
; Total DLLs                      ; 0 / 4 ( 0 % )                                   ;
+---------------------------------+-------------------------------------------------+


+-----------------------------------------+
; Flow Settings                           ;
+-------------------+---------------------+
; Option            ; Setting             ;
+-------------------+---------------------+
; Start date & time ; 11/24/2025 13:36:42 ;
; Main task         ; Compilation         ;
; Revision Name     ; vga_demo            ;
+-------------------+---------------------+


+---------------------------------------------------------------------------------------------------------------------------------------------------------------+
; Flow Non-Default Global Settings                                                                                                                              ;
+-------------------------------------+------------------------------------------------------------------------------+---------------+-------------+------------+
; Assignment Name                     ; Value                                                                        ; Default Value ; Entity Name ; Section Id ;
+-------------------------------------+------------------------------------------------------------------------------+---------------+-------------+------------+
; COMPILER_SIGNATURE_ID               ; 93181000667077.176400940010740                                               ; --            ; --          ; --         ;
; MAX_CORE_JUNCTION_TEMP              ; 85                                                                           ; --            ; --          ; --         ;
; MIN_CORE_JUNCTION_TEMP              ; 0                                                                            ; --            ; --          ; --         ;
; MISC_FILE                           ; //VSRV1/A.Homes$/thavar85/Downloads/DE1-SoC/DE1-SoC/animate_pro/green_inst.v ; --            ; --          ; --         ;
; MISC_FILE                           ; //VSRV1/A.Homes$/thavar85/Downloads/DE1-SoC/DE1-SoC/animate_pro/green_bb.v   ; --            ; --          ; --         ;
; MISC_FILE                           ; //VSRV1/A.Homes$/thavar85/Downloads/DE1-SoC/DE1-SoC/animate_pro/start_inst.v ; --            ; --          ; --         ;
; MISC_FILE                           ; //VSRV1/A.Homes$/thavar85/Downloads/DE1-SoC/DE1-SoC/animate_pro/start_bb.v   ; --            ; --          ; --         ;
; MISC_FILE                           ; //VSRV1/A.Homes$/thavar85/Downloads/DE1-SoC/DE1-SoC/animate_pro/win_inst.v   ; --            ; --          ; --         ;
; MISC_FILE                           ; //VSRV1/A.Homes$/thavar85/Downloads/DE1-SoC/DE1-SoC/animate_pro/win_bb.v     ; --            ; --          ; --         ;
; MISC_FILE                           ; //VSRV1/A.Homes$/thavar85/Downloads/DE1-SoC/DE1-SoC/animate_pro/lose_inst.v  ; --            ; --          ; --         ;
; MISC_FILE                           ; //VSRV1/A.Homes$/thavar85/Downloads/DE1-SoC/DE1-SoC/animate_pro/lose_bb.v    ; --            ; --          ; --         ;
; PARTITION_COLOR                     ; -- (Not supported for targeted family)                                       ; --            ; --          ; Top        ;
; PARTITION_FITTER_PRESERVATION_LEVEL ; -- (Not supported for targeted family)                                       ; --            ; --          ; Top        ;
; PARTITION_NETLIST_TYPE              ; -- (Not supported for targeted family)                                       ; --            ; --          ; Top        ;
; POWER_BOARD_THERMAL_MODEL           ; None (CONSERVATIVE)                                                          ; --            ; --          ; --         ;
; POWER_PRESET_COOLING_SOLUTION       ; 23 MM HEAT SINK WITH 200 LFPM AIRFLOW                                        ; --            ; --          ; --         ;
+-------------------------------------+------------------------------------------------------------------------------+---------------+-------------+------------+


+--------------------------------------------------------------------------------------------------------------------------+
; Flow Elapsed Time                                                                                                        ;
+----------------------+--------------+-------------------------+---------------------+------------------------------------+
; Module Name          ; Elapsed Time ; Average Processors Used ; Peak Virtual Memory ; Total CPU Time (on all processors) ;
+----------------------+--------------+-------------------------+---------------------+------------------------------------+
; Analysis & Synthesis ; 00:01:31     ; 1.0                     ; 4893 MB             ; 00:00:22                           ;
; Fitter               ; 00:01:07     ; 1.1                     ; 6974 MB             ; 00:01:37                           ;
; Assembler            ; 00:00:21     ; 1.0                     ; 4864 MB             ; 00:00:07                           ;
; Timing Analyzer      ; 00:01:43     ; 1.0                     ; 5251 MB             ; 00:00:10                           ;
; Total                ; 00:04:42     ; --                      ; --                  ; 00:02:16                           ;
+----------------------+--------------+-------------------------+---------------------+------------------------------------+


+------------------------------------------------------------------------------------+
; Flow OS Summary                                                                    ;
+----------------------+------------------+------------+------------+----------------+
; Module Name          ; Machine Hostname ; OS Name    ; OS Version ; Processor type ;
+----------------------+------------------+------------+------------+----------------+
; Analysis & Synthesis ; BA3135WS17       ; Windows 10 ; 10.0       ; x86_64         ;
; Fitter               ; BA3135WS17       ; Windows 10 ; 10.0       ; x86_64         ;
; Assembler            ; BA3135WS17       ; Windows 10 ; 10.0       ; x86_64         ;
; Timing Analyzer      ; BA3135WS17       ; Windows 10 ; 10.0       ; x86_64         ;
+----------------------+------------------+------------+------------+----------------+


------------
; Flow Log ;
------------
quartus_map --read_settings_files=on --write_settings_files=off vga_demo -c vga_demo
quartus_fit --read_settings_files=off --write_settings_files=off vga_demo -c vga_demo
quartus_asm --read_settings_files=off --write_settings_files=off vga_demo -c vga_demo
quartus_sta vga_demo -c vga_demo



